// Jest Snapshot v1, https://goo.gl/fbAQLP

exports[`should create snapshot 1`] = `
<div
  className="page"
>
  <div
    className="header"
  >
    <header>
      <nav>
        <ul>
          <li>
            TODO APP
          </li>
          <li>
            <a
              aria-current="page"
              className="active"
              href="/"
              onClick={[Function]}
            >
              Home
            </a>
          </li>
          <li>
            <a
              aria-current="page"
              className="active"
              href="/"
              onClick={[Function]}
            >
              About
            </a>
          </li>
        </ul>
      </nav>
    </header>
  </div>
  <main
    className="main"
  >
    <section
      className="section"
    >
      <p
        className="nothingToShow"
      >
        Nothing to show
      </p>
    </section>
  </main>
  <div
    className="footer"
  >
    <footer>
      <p>
        Â© 2021 TODO
      </p>
    </footer>
  </div>
</div>
`;
